// Jest Snapshot v1, https://goo.gl/fbAQLP

exports[`Toasts Should match the snapshot 1`] = `
<div
  className="toast"
/>
`;
